2026-04-28 07:21:58,603 - main - INFO - === Logging system initialized ===
2026-04-28 07:21:58,603 - main - INFO - Log file: logs/app_20260428_072158.log
2026-04-28 07:21:58,603 - main - INFO - Log level: INFO
2026-04-28 07:21:58,603 - main - INFO - Timestamp: 20260428_072158
2026-04-28 07:21:58,618 - main - WARNING - Failed to import module 'routers.aihub': cannot import name 'AnalyzePdfRequest' from 'schemas.aihub' (/workspace/app/backend/schemas/aihub.py)
2026-04-28 07:21:58,677 - main - INFO - Included router: routers.auth.router
2026-04-28 07:21:58,733 - main - INFO - Included router: routers.conversions.router
2026-04-28 07:21:58,775 - main - INFO - Included router: routers.currency_pairs.router
2026-04-28 07:21:58,843 - main - INFO - Included router: routers.deposits.router
2026-04-28 07:21:58,892 - main - INFO - Included router: routers.expert_tasks.router
2026-04-28 07:21:58,955 - main - INFO - Included router: routers.fee_settings.router
2026-04-28 07:21:58,958 - main - INFO - Included router: routers.health.router
2026-04-28 07:21:58,992 - main - INFO - Included router: routers.payments.router
2026-04-28 07:21:59,350 - main - INFO - Included router: routers.rates.router
2026-04-28 07:21:59,377 - main - INFO - Included router: routers.settings.router
2026-04-28 07:21:59,421 - main - INFO - Included router: routers.storage.router
2026-04-28 07:21:59,435 - main - INFO - Included router: routers.user.router
2026-04-28 07:21:59,482 - main - INFO - Included router: routers.user_balances.router
2026-04-28 07:21:59,555 - main - INFO - Included router: routers.withdrawals.router
2026-04-28 07:21:59,556 - main - INFO - === Application startup initiated ===
2026-04-28 07:21:59,557 - services.database - INFO - Ignore creating tables
2026-04-28 07:21:59,557 - services.mock_data - INFO - Ignore initialize data
2026-04-28 07:21:59,557 - services.auth - INFO - Ignore initialize admin
2026-04-28 07:21:59,558 - main - INFO - === Application startup completed successfully ===
2026-04-28 07:23:17,314 - core.config - DEBUG - Read dynamic attribute jwt_secret_key from environment variable JWT_SECRET_KEY
2026-04-28 07:23:17,314 - core.config - DEBUG - Read dynamic attribute jwt_algorithm from environment variable JWT_ALGORITHM
2026-04-28 07:23:17,326 - core.auth - DEBUG - Authentication token validated for user hash: c01b49cb
2026-04-28 07:23:17,329 - core.database - DEBUG - [DB_OP] Starting get_db session creation
2026-04-28 07:23:17,330 - core.database - WARNING - Database session maker not available, attempting lazy initialization...
2026-04-28 07:23:17,330 - core.database - WARNING - Database not initialized, attempting lazy initialization...
2026-04-28 07:23:17,330 - core.database - INFO - Starting database initialization...
2026-04-28 07:23:17,330 - core.config - DEBUG - Read dynamic attribute database_url from environment variable DATABASE_URL
2026-04-28 07:23:17,330 - core.database - INFO - Normalizing database URL for async compatibility...
2026-04-28 07:23:17,331 - core.database - INFO - Creating async database engine...
2026-04-28 07:23:17,331 - core.database - INFO - Using QueuePool with connection pooling for non-Lambda environment
2026-04-28 07:23:17,383 - core.database - INFO - Database engine created successfully
2026-04-28 07:23:17,383 - core.database - INFO - Creating async session maker...
2026-04-28 07:23:17,383 - core.database - INFO - Async session maker created successfully
2026-04-28 07:23:17,383 - core.database - INFO - Database connection initialized successfully
2026-04-28 07:23:17,383 - core.database - DEBUG - [DB_OP] Starting create_tables
2026-04-28 07:23:17,384 - core.database - INFO - 🔧 Starting table creation...
2026-04-28 07:23:19,146 - core.database - INFO - Tables initialized successfully
2026-04-28 07:23:19,146 - core.database - DEBUG - [DB_OP] Create tables completed in 1.7628s
2026-04-28 07:23:19,209 - core.database - INFO - Lazy database initialization completed successfully
2026-04-28 07:23:19,210 - core.database - DEBUG - [DB_OP] Database session created successfully in 1.8800s
2026-04-28 07:23:19,845 - services.rates_service - WARNING - FIXER_API_KEY not set, using fallback rates
2026-04-28 07:23:19,846 - core.database - DEBUG - [DB_OP] Database session cleanup after 2.5160s
2026-04-28 07:24:17,632 - core.database - DEBUG - [DB_OP] Starting get_db session creation
2026-04-28 07:24:17,633 - core.database - DEBUG - [DB_OP] Database session created successfully in 0.0007s
2026-04-28 07:24:18,013 - services.rates_service - WARNING - FIXER_API_KEY not set, using fallback rates
2026-04-28 07:24:18,013 - core.database - DEBUG - [DB_OP] Database session cleanup after 0.3813s
2026-04-28 07:24:48,232 - core.auth - DEBUG - Authentication token validated for user hash: c01b49cb
2026-04-28 07:24:48,240 - core.database - DEBUG - [DB_OP] Starting get_db session creation
2026-04-28 07:24:48,240 - core.database - DEBUG - [DB_OP] Database session created successfully in 0.0005s
2026-04-28 07:24:48,619 - services.rates_service - WARNING - FIXER_API_KEY not set, using fallback rates
2026-04-28 07:24:48,620 - core.database - DEBUG - [DB_OP] Database session cleanup after 0.3800s
2026-04-28 07:25:48,713 - core.database - DEBUG - [DB_OP] Starting get_db session creation
2026-04-28 07:25:48,713 - core.database - DEBUG - [DB_OP] Database session created successfully in 0.0004s
2026-04-28 07:25:49,152 - services.rates_service - WARNING - FIXER_API_KEY not set, using fallback rates
2026-04-28 07:25:49,153 - core.database - DEBUG - [DB_OP] Database session cleanup after 0.4396s
2026-04-28 07:26:48,308 - core.database - DEBUG - [DB_OP] Starting get_db session creation
2026-04-28 07:26:48,309 - core.database - DEBUG - [DB_OP] Database session created successfully in 0.0005s
2026-04-28 07:26:48,687 - services.rates_service - WARNING - FIXER_API_KEY not set, using fallback rates
2026-04-28 07:26:48,688 - core.database - DEBUG - [DB_OP] Database session cleanup after 0.3797s
2026-04-28 07:27:48,313 - core.database - DEBUG - [DB_OP] Starting get_db session creation
2026-04-28 07:27:48,314 - core.database - DEBUG - [DB_OP] Database session created successfully in 0.0005s
2026-04-28 07:27:48,693 - services.rates_service - WARNING - FIXER_API_KEY not set, using fallback rates
2026-04-28 07:27:48,693 - core.database - DEBUG - [DB_OP] Database session cleanup after 0.3799s
2026-04-28 07:28:48,352 - core.database - DEBUG - [DB_OP] Starting get_db session creation
2026-04-28 07:28:48,353 - core.database - DEBUG - [DB_OP] Database session created successfully in 0.0008s
2026-04-28 07:28:48,916 - services.rates_service - WARNING - FIXER_API_KEY not set, using fallback rates
2026-04-28 07:28:48,918 - core.database - DEBUG - [DB_OP] Database session cleanup after 0.5658s
2026-04-28 07:29:38,195 - core.auth - DEBUG - Authentication token validated for user hash: c01b49cb
2026-04-28 07:29:38,224 - core.database - DEBUG - [DB_OP] Starting get_db session creation
2026-04-28 07:29:38,224 - core.database - DEBUG - [DB_OP] Database session created successfully in 0.0004s
2026-04-28 07:29:38,602 - services.rates_service - WARNING - FIXER_API_KEY not set, using fallback rates
2026-04-28 07:29:38,602 - core.database - DEBUG - [DB_OP] Database session cleanup after 0.3786s
2026-04-28 07:30:42,618 - core.database - DEBUG - [DB_OP] Starting get_db session creation
2026-04-28 07:30:42,618 - core.database - DEBUG - [DB_OP] Database session created successfully in 0.0006s
2026-04-28 07:30:42,998 - services.rates_service - WARNING - FIXER_API_KEY not set, using fallback rates
2026-04-28 07:30:42,999 - core.database - DEBUG - [DB_OP] Database session cleanup after 0.3816s
2026-04-28 07:31:12,798 - core.auth - DEBUG - Authentication token validated for user hash: c01b49cb
2026-04-28 07:31:12,818 - core.database - DEBUG - [DB_OP] Starting get_db session creation
2026-04-28 07:31:12,819 - core.database - DEBUG - [DB_OP] Database session created successfully in 0.0007s
2026-04-28 07:31:13,260 - services.rates_service - WARNING - FIXER_API_KEY not set, using fallback rates
2026-04-28 07:31:13,261 - core.database - DEBUG - [DB_OP] Database session cleanup after 0.4434s
2026-04-28 07:32:13,320 - core.database - DEBUG - [DB_OP] Starting get_db session creation
2026-04-28 07:32:13,321 - core.database - DEBUG - [DB_OP] Database session created successfully in 0.0008s
2026-04-28 07:32:13,700 - services.rates_service - WARNING - FIXER_API_KEY not set, using fallback rates
2026-04-28 07:32:13,701 - core.database - DEBUG - [DB_OP] Database session cleanup after 0.3805s
2026-04-28 07:33:13,286 - core.database - DEBUG - [DB_OP] Starting get_db session creation
2026-04-28 07:33:13,287 - core.database - DEBUG - [DB_OP] Database session created successfully in 0.0005s
2026-04-28 07:33:13,666 - services.rates_service - WARNING - FIXER_API_KEY not set, using fallback rates
2026-04-28 07:33:13,668 - core.database - DEBUG - [DB_OP] Database session cleanup after 0.3814s
2026-04-28 07:34:18,025 - core.auth - DEBUG - Authentication token validated for user hash: c01b49cb
2026-04-28 07:34:18,049 - core.database - DEBUG - [DB_OP] Starting get_db session creation
2026-04-28 07:34:18,050 - core.database - DEBUG - [DB_OP] Database session created successfully in 0.0004s
2026-04-28 07:34:18,613 - services.rates_service - WARNING - FIXER_API_KEY not set, using fallback rates
2026-04-28 07:34:18,614 - core.database - DEBUG - [DB_OP] Database session cleanup after 0.5644s
2026-04-28 07:35:18,289 - core.database - DEBUG - [DB_OP] Starting get_db session creation
2026-04-28 07:35:18,290 - core.database - DEBUG - [DB_OP] Database session created successfully in 0.0004s
2026-04-28 07:35:18,666 - services.rates_service - WARNING - FIXER_API_KEY not set, using fallback rates
2026-04-28 07:35:18,667 - core.database - DEBUG - [DB_OP] Database session cleanup after 0.3773s
2026-04-28 07:36:18,316 - core.database - DEBUG - [DB_OP] Starting get_db session creation
2026-04-28 07:36:18,316 - core.database - DEBUG - [DB_OP] Database session created successfully in 0.0005s
2026-04-28 07:36:18,695 - services.rates_service - WARNING - FIXER_API_KEY not set, using fallback rates
2026-04-28 07:36:18,696 - core.database - DEBUG - [DB_OP] Database session cleanup after 0.3797s
2026-04-28 07:37:22,016 - core.auth - DEBUG - Authentication token validated for user hash: c01b49cb
2026-04-28 07:37:22,023 - core.database - DEBUG - [DB_OP] Starting get_db session creation
2026-04-28 07:37:22,024 - core.database - DEBUG - [DB_OP] Database session created successfully in 0.0004s
2026-04-28 07:37:22,464 - services.rates_service - WARNING - FIXER_API_KEY not set, using fallback rates
2026-04-28 07:37:22,465 - core.database - DEBUG - [DB_OP] Database session cleanup after 0.4414s
2026-04-28 07:38:22,292 - core.database - DEBUG - [DB_OP] Starting get_db session creation
2026-04-28 07:38:22,292 - core.database - DEBUG - [DB_OP] Database session created successfully in 0.0005s
2026-04-28 07:38:22,671 - services.rates_service - WARNING - FIXER_API_KEY not set, using fallback rates
2026-04-28 07:38:22,671 - core.database - DEBUG - [DB_OP] Database session cleanup after 0.3794s
2026-04-28 07:39:22,340 - core.database - DEBUG - [DB_OP] Starting get_db session creation
2026-04-28 07:39:22,340 - core.database - DEBUG - [DB_OP] Database session created successfully in 0.0007s
2026-04-28 07:39:22,845 - services.rates_service - WARNING - FIXER_API_KEY not set, using fallback rates
2026-04-28 07:39:22,846 - core.database - DEBUG - [DB_OP] Database session cleanup after 0.5062s
2026-04-28 07:40:24,480 - core.auth - DEBUG - Authentication token validated for user hash: c01b49cb
2026-04-28 07:40:24,488 - core.database - DEBUG - [DB_OP] Starting get_db session creation
2026-04-28 07:40:24,489 - core.database - DEBUG - [DB_OP] Database session created successfully in 0.0005s
2026-04-28 07:40:24,929 - services.rates_service - WARNING - FIXER_API_KEY not set, using fallback rates
2026-04-28 07:40:24,929 - core.database - DEBUG - [DB_OP] Database session cleanup after 0.4411s
2026-04-28 07:41:25,283 - core.database - DEBUG - [DB_OP] Starting get_db session creation
2026-04-28 07:41:25,283 - core.database - DEBUG - [DB_OP] Database session created successfully in 0.0007s
2026-04-28 07:41:25,663 - services.rates_service - WARNING - FIXER_API_KEY not set, using fallback rates
2026-04-28 07:41:25,664 - core.database - DEBUG - [DB_OP] Database session cleanup after 0.3815s
2026-04-28 07:42:25,340 - core.database - DEBUG - [DB_OP] Starting get_db session creation
2026-04-28 07:42:25,341 - core.database - DEBUG - [DB_OP] Database session created successfully in 0.0005s
2026-04-28 07:42:25,719 - services.rates_service - WARNING - FIXER_API_KEY not set, using fallback rates
2026-04-28 07:42:25,719 - core.database - DEBUG - [DB_OP] Database session cleanup after 0.3793s
2026-04-28 07:43:24,601 - core.database - DEBUG - [DB_OP] Starting get_db session creation
2026-04-28 07:43:24,602 - core.database - DEBUG - [DB_OP] Database session created successfully in 0.0005s
2026-04-28 07:43:25,041 - services.rates_service - WARNING - FIXER_API_KEY not set, using fallback rates
2026-04-28 07:43:25,042 - core.database - DEBUG - [DB_OP] Database session cleanup after 0.4405s
2026-04-28 07:44:25,639 - core.database - DEBUG - [DB_OP] Starting get_db session creation
2026-04-28 07:44:25,639 - core.database - DEBUG - [DB_OP] Database session created successfully in 0.0004s
2026-04-28 07:44:26,142 - services.rates_service - WARNING - FIXER_API_KEY not set, using fallback rates
2026-04-28 07:44:26,144 - core.database - DEBUG - [DB_OP] Database session cleanup after 0.5053s
2026-04-28 07:45:28,907 - core.auth - DEBUG - Authentication token validated for user hash: c01b49cb
2026-04-28 07:45:28,911 - core.database - DEBUG - [DB_OP] Starting get_db session creation
2026-04-28 07:45:28,912 - core.database - DEBUG - [DB_OP] Database session created successfully in 0.0004s
2026-04-28 07:45:29,287 - services.rates_service - WARNING - FIXER_API_KEY not set, using fallback rates
2026-04-28 07:45:29,288 - core.database - DEBUG - [DB_OP] Database session cleanup after 0.3765s
2026-04-28 07:46:29,283 - core.database - DEBUG - [DB_OP] Starting get_db session creation
2026-04-28 07:46:29,284 - core.database - DEBUG - [DB_OP] Database session created successfully in 0.0005s
2026-04-28 07:46:29,723 - services.rates_service - WARNING - FIXER_API_KEY not set, using fallback rates
2026-04-28 07:46:29,724 - core.database - DEBUG - [DB_OP] Database session cleanup after 0.4405s
2026-04-28 07:47:28,895 - core.database - DEBUG - [DB_OP] Starting get_db session creation
2026-04-28 07:47:28,896 - core.database - DEBUG - [DB_OP] Database session created successfully in 0.0007s
2026-04-28 07:47:29,273 - services.rates_service - WARNING - FIXER_API_KEY not set, using fallback rates
2026-04-28 07:47:29,274 - core.database - DEBUG - [DB_OP] Database session cleanup after 0.3793s
2026-04-28 07:48:29,508 - core.database - DEBUG - [DB_OP] Starting get_db session creation
2026-04-28 07:48:29,508 - core.database - DEBUG - [DB_OP] Database session created successfully in 0.0005s
2026-04-28 07:48:29,885 - services.rates_service - WARNING - FIXER_API_KEY not set, using fallback rates
2026-04-28 07:48:29,887 - core.database - DEBUG - [DB_OP] Database session cleanup after 0.3792s
2026-04-28 07:49:28,935 - core.database - DEBUG - [DB_OP] Starting get_db session creation
2026-04-28 07:49:28,935 - core.database - DEBUG - [DB_OP] Database session created successfully in 0.0004s
2026-04-28 07:49:29,500 - services.rates_service - WARNING - FIXER_API_KEY not set, using fallback rates
2026-04-28 07:49:29,501 - core.database - DEBUG - [DB_OP] Database session cleanup after 0.5661s
2026-04-28 07:50:28,875 - core.database - DEBUG - [DB_OP] Starting get_db session creation
2026-04-28 07:50:28,876 - core.database - DEBUG - [DB_OP] Database session created successfully in 0.0005s
2026-04-28 07:50:29,255 - services.rates_service - WARNING - FIXER_API_KEY not set, using fallback rates
2026-04-28 07:50:29,256 - core.database - DEBUG - [DB_OP] Database session cleanup after 0.3802s
2026-04-28 07:51:28,874 - core.database - DEBUG - [DB_OP] Starting get_db session creation
2026-04-28 07:51:28,874 - core.database - DEBUG - [DB_OP] Database session created successfully in 0.0005s
2026-04-28 07:51:29,253 - services.rates_service - WARNING - FIXER_API_KEY not set, using fallback rates
2026-04-28 07:51:29,254 - core.database - DEBUG - [DB_OP] Database session cleanup after 0.3802s
2026-04-28 07:52:29,419 - core.database - DEBUG - [DB_OP] Starting get_db session creation
2026-04-28 07:52:29,419 - core.database - DEBUG - [DB_OP] Database session created successfully in 0.0005s
2026-04-28 07:52:29,858 - services.rates_service - WARNING - FIXER_API_KEY not set, using fallback rates
2026-04-28 07:52:29,859 - core.database - DEBUG - [DB_OP] Database session cleanup after 0.4401s
2026-04-28 08:03:19,986 - services.database - DEBUG - [DB_OP] Starting database close
2026-04-28 08:03:19,987 - core.database - INFO - Database connection closed and engine disposed
2026-04-28 08:03:19,987 - services.database - INFO - Database connections closed
2026-04-28 08:03:19,988 - services.database - DEBUG - [DB_OP] Database close completed in 0.0016s
