2026-04-28 06:45:02,891 - main - INFO - === Logging system initialized ===
2026-04-28 06:45:02,891 - main - INFO - Log file: logs/app_20260428_064502.log
2026-04-28 06:45:02,891 - main - INFO - Log level: INFO
2026-04-28 06:45:02,891 - main - INFO - Timestamp: 20260428_064502
2026-04-28 06:45:02,979 - main - WARNING - Failed to import module 'routers.aihub': cannot import name 'AnalyzePdfRequest' from 'schemas.aihub' (/workspace/app/backend/schemas/aihub.py)
2026-04-28 06:45:03,473 - main - INFO - Included router: routers.auth.router
2026-04-28 06:45:03,542 - main - INFO - Included router: routers.conversions.router
2026-04-28 06:45:03,600 - main - INFO - Included router: routers.currency_pairs.router
2026-04-28 06:45:03,660 - main - INFO - Included router: routers.deposits.router
2026-04-28 06:45:03,730 - main - INFO - Included router: routers.expert_tasks.router
2026-04-28 06:45:03,809 - main - INFO - Included router: routers.fee_settings.router
2026-04-28 06:45:03,826 - main - INFO - Included router: routers.health.router
2026-04-28 06:45:04,283 - main - INFO - Included router: routers.payments.router
2026-04-28 06:45:04,330 - main - INFO - Included router: routers.rates.router
2026-04-28 06:45:04,375 - main - INFO - Included router: routers.settings.router
2026-04-28 06:45:04,444 - main - INFO - Included router: routers.storage.router
2026-04-28 06:45:04,503 - main - INFO - Included router: routers.user.router
2026-04-28 06:45:04,591 - main - INFO - Included router: routers.user_balances.router
2026-04-28 06:45:04,681 - main - INFO - Included router: routers.withdrawals.router
2026-04-28 06:45:04,683 - main - INFO - === Application startup initiated ===
2026-04-28 06:45:04,683 - services.database - INFO - Ignore creating tables
2026-04-28 06:45:04,684 - services.mock_data - INFO - Ignore initialize data
2026-04-28 06:45:04,684 - services.auth - INFO - Ignore initialize admin
2026-04-28 06:45:04,685 - main - INFO - === Application startup completed successfully ===
2026-04-28 06:45:47,307 - core.config - DEBUG - Read dynamic attribute jwt_secret_key from environment variable JWT_SECRET_KEY
2026-04-28 06:45:47,307 - core.config - DEBUG - Read dynamic attribute jwt_algorithm from environment variable JWT_ALGORITHM
2026-04-28 06:45:47,585 - core.auth - DEBUG - Authentication token validated for user hash: c01b49cb
2026-04-28 06:45:47,605 - core.database - DEBUG - [DB_OP] Starting get_db session creation
2026-04-28 06:45:47,605 - core.database - WARNING - Database session maker not available, attempting lazy initialization...
2026-04-28 06:45:47,605 - core.database - WARNING - Database not initialized, attempting lazy initialization...
2026-04-28 06:45:47,606 - core.database - INFO - Starting database initialization...
2026-04-28 06:45:47,606 - core.config - DEBUG - Read dynamic attribute database_url from environment variable DATABASE_URL
2026-04-28 06:45:47,606 - core.database - INFO - Normalizing database URL for async compatibility...
2026-04-28 06:45:47,607 - core.database - INFO - Creating async database engine...
2026-04-28 06:45:47,608 - core.database - INFO - Using QueuePool with connection pooling for non-Lambda environment
2026-04-28 06:45:47,679 - core.database - INFO - Database engine created successfully
2026-04-28 06:45:47,680 - core.database - INFO - Creating async session maker...
2026-04-28 06:45:47,680 - core.database - INFO - Async session maker created successfully
2026-04-28 06:45:47,680 - core.database - INFO - Database connection initialized successfully
2026-04-28 06:45:47,680 - core.database - DEBUG - [DB_OP] Starting create_tables
2026-04-28 06:45:47,680 - core.database - INFO - 🔧 Starting table creation...
2026-04-28 06:45:49,424 - core.database - INFO - Tables initialized successfully
2026-04-28 06:45:49,424 - core.database - DEBUG - [DB_OP] Create tables completed in 1.7437s
2026-04-28 06:45:49,487 - core.database - INFO - Lazy database initialization completed successfully
2026-04-28 06:45:49,487 - core.database - DEBUG - [DB_OP] Database session created successfully in 1.8826s
2026-04-28 06:45:50,131 - services.rates_service - WARNING - FIXER_API_KEY not set, using fallback rates
2026-04-28 06:45:50,132 - core.database - DEBUG - [DB_OP] Database session cleanup after 2.5270s
2026-04-28 06:46:47,278 - core.database - DEBUG - [DB_OP] Starting get_db session creation
2026-04-28 06:46:47,279 - core.database - DEBUG - [DB_OP] Database session created successfully in 0.0005s
2026-04-28 06:46:47,658 - services.rates_service - WARNING - FIXER_API_KEY not set, using fallback rates
2026-04-28 06:46:47,659 - core.database - DEBUG - [DB_OP] Database session cleanup after 0.3802s
2026-04-28 06:46:54,383 - dependencies.auth - DEBUG - Authentication required for request GET /api/v1/auth/me
2026-04-28 06:46:54,385 - core.database - DEBUG - [DB_OP] Starting get_db session creation
2026-04-28 06:46:54,386 - core.database - DEBUG - [DB_OP] Database session created successfully in 0.0003s
2026-04-28 06:46:54,764 - services.rates_service - WARNING - FIXER_API_KEY not set, using fallback rates
2026-04-28 06:46:54,765 - core.database - DEBUG - [DB_OP] Database session cleanup after 0.3797s
2026-04-28 06:46:59,140 - core.auth - DEBUG - Authentication token validated for user hash: c01b49cb
2026-04-28 06:46:59,156 - core.database - DEBUG - [DB_OP] Starting get_db session creation
2026-04-28 06:46:59,156 - core.database - DEBUG - [DB_OP] Database session created successfully in 0.0004s
2026-04-28 06:46:59,594 - services.rates_service - WARNING - FIXER_API_KEY not set, using fallback rates
2026-04-28 06:46:59,595 - core.database - DEBUG - [DB_OP] Database session cleanup after 0.4396s
2026-04-28 06:47:24,824 - services.database - DEBUG - [DB_OP] Starting database close
2026-04-28 06:47:24,891 - core.database - INFO - Database connection closed and engine disposed
2026-04-28 06:47:24,891 - services.database - INFO - Database connections closed
2026-04-28 06:47:24,891 - services.database - DEBUG - [DB_OP] Database close completed in 0.0672s
