2026-04-28 06:52:11,831 - main - INFO - === Logging system initialized ===
2026-04-28 06:52:11,831 - main - INFO - Log file: logs/app_20260428_065211.log
2026-04-28 06:52:11,831 - main - INFO - Log level: INFO
2026-04-28 06:52:11,831 - main - INFO - Timestamp: 20260428_065211
2026-04-28 06:52:11,847 - main - WARNING - Failed to import module 'routers.aihub': cannot import name 'AnalyzePdfRequest' from 'schemas.aihub' (/workspace/app/backend/schemas/aihub.py)
2026-04-28 06:52:11,914 - main - INFO - Included router: routers.auth.router
2026-04-28 06:52:11,964 - main - INFO - Included router: routers.conversions.router
2026-04-28 06:52:12,009 - main - INFO - Included router: routers.currency_pairs.router
2026-04-28 06:52:12,095 - main - INFO - Included router: routers.deposits.router
2026-04-28 06:52:12,153 - main - INFO - Included router: routers.expert_tasks.router
2026-04-28 06:52:12,200 - main - INFO - Included router: routers.fee_settings.router
2026-04-28 06:52:12,202 - main - INFO - Included router: routers.health.router
2026-04-28 06:52:12,233 - main - INFO - Included router: routers.payments.router
2026-04-28 06:52:12,247 - main - INFO - Included router: routers.rates.router
2026-04-28 06:52:12,269 - main - INFO - Included router: routers.settings.router
2026-04-28 06:52:12,316 - main - INFO - Included router: routers.storage.router
2026-04-28 06:52:12,325 - main - INFO - Included router: routers.user.router
2026-04-28 06:52:12,367 - main - INFO - Included router: routers.user_balances.router
2026-04-28 06:52:12,414 - main - INFO - Included router: routers.withdrawals.router
2026-04-28 06:52:12,487 - main - INFO - === Application startup initiated ===
2026-04-28 06:52:12,488 - services.database - INFO - Ignore creating tables
2026-04-28 06:52:12,488 - services.mock_data - INFO - Ignore initialize data
2026-04-28 06:52:12,488 - services.auth - INFO - Ignore initialize admin
2026-04-28 06:52:12,488 - main - INFO - === Application startup completed successfully ===
2026-04-28 06:53:07,046 - core.database - DEBUG - [DB_OP] Starting get_db session creation
2026-04-28 06:53:07,047 - core.database - WARNING - Database session maker not available, attempting lazy initialization...
2026-04-28 06:53:07,047 - core.database - WARNING - Database not initialized, attempting lazy initialization...
2026-04-28 06:53:07,047 - core.database - INFO - Starting database initialization...
2026-04-28 06:53:07,048 - core.config - DEBUG - Read dynamic attribute database_url from environment variable DATABASE_URL
2026-04-28 06:53:07,048 - core.database - INFO - Normalizing database URL for async compatibility...
2026-04-28 06:53:07,049 - core.database - INFO - Creating async database engine...
2026-04-28 06:53:07,049 - core.database - INFO - Using QueuePool with connection pooling for non-Lambda environment
2026-04-28 06:53:07,108 - core.database - INFO - Database engine created successfully
2026-04-28 06:53:07,108 - core.database - INFO - Creating async session maker...
2026-04-28 06:53:07,109 - core.database - INFO - Async session maker created successfully
2026-04-28 06:53:07,109 - core.database - INFO - Database connection initialized successfully
2026-04-28 06:53:07,109 - core.database - DEBUG - [DB_OP] Starting create_tables
2026-04-28 06:53:07,109 - core.database - INFO - 🔧 Starting table creation...
2026-04-28 06:53:08,860 - core.database - INFO - Tables initialized successfully
2026-04-28 06:53:08,861 - core.database - DEBUG - [DB_OP] Create tables completed in 1.7522s
2026-04-28 06:53:08,924 - core.database - INFO - Lazy database initialization completed successfully
2026-04-28 06:53:08,925 - core.database - DEBUG - [DB_OP] Database session created successfully in 1.8787s
2026-04-28 06:53:09,560 - services.rates_service - WARNING - FIXER_API_KEY not set, using fallback rates
2026-04-28 06:53:09,562 - core.database - DEBUG - [DB_OP] Database session cleanup after 2.5157s
2026-04-28 06:54:06,837 - core.database - DEBUG - [DB_OP] Starting get_db session creation
2026-04-28 06:54:06,838 - core.database - DEBUG - [DB_OP] Database session created successfully in 0.0007s
2026-04-28 06:54:07,223 - services.rates_service - WARNING - FIXER_API_KEY not set, using fallback rates
2026-04-28 06:54:07,224 - core.database - DEBUG - [DB_OP] Database session cleanup after 0.3867s
2026-04-28 06:54:38,146 - dependencies.auth - DEBUG - Authentication required for request GET /api/v1/auth/me
2026-04-28 06:54:38,147 - core.database - DEBUG - [DB_OP] Starting get_db session creation
2026-04-28 06:54:38,148 - core.database - DEBUG - [DB_OP] Database session created successfully in 0.0003s
2026-04-28 06:54:38,526 - services.rates_service - WARNING - FIXER_API_KEY not set, using fallback rates
2026-04-28 06:54:38,527 - core.database - DEBUG - [DB_OP] Database session cleanup after 0.3793s
2026-04-28 06:55:06,725 - core.database - DEBUG - [DB_OP] Starting get_db session creation
2026-04-28 06:55:06,725 - core.database - DEBUG - [DB_OP] Database session created successfully in 0.0004s
2026-04-28 06:55:07,164 - services.rates_service - WARNING - FIXER_API_KEY not set, using fallback rates
2026-04-28 06:55:07,165 - core.database - DEBUG - [DB_OP] Database session cleanup after 0.4399s
2026-04-28 06:56:06,724 - core.database - DEBUG - [DB_OP] Starting get_db session creation
2026-04-28 06:56:06,725 - core.database - DEBUG - [DB_OP] Database session created successfully in 0.0005s
2026-04-28 06:56:07,104 - services.rates_service - WARNING - FIXER_API_KEY not set, using fallback rates
2026-04-28 06:56:07,105 - core.database - DEBUG - [DB_OP] Database session cleanup after 0.3808s
2026-04-28 06:57:07,378 - core.database - DEBUG - [DB_OP] Starting get_db session creation
2026-04-28 06:57:07,378 - core.database - DEBUG - [DB_OP] Database session created successfully in 0.0005s
2026-04-28 06:57:07,756 - services.rates_service - WARNING - FIXER_API_KEY not set, using fallback rates
2026-04-28 06:57:07,756 - core.database - DEBUG - [DB_OP] Database session cleanup after 0.3784s
2026-04-28 06:57:45,121 - dependencies.auth - DEBUG - Authentication required for request GET /api/v1/auth/me
2026-04-28 06:57:45,137 - core.database - DEBUG - [DB_OP] Starting get_db session creation
2026-04-28 06:57:45,137 - core.database - DEBUG - [DB_OP] Database session created successfully in 0.0005s
2026-04-28 06:57:45,579 - services.rates_service - WARNING - FIXER_API_KEY not set, using fallback rates
2026-04-28 06:57:45,580 - core.database - DEBUG - [DB_OP] Database session cleanup after 0.4436s
2026-04-28 06:57:47,506 - core.config - DEBUG - Read dynamic attribute jwt_secret_key from environment variable JWT_SECRET_KEY
2026-04-28 06:57:47,507 - core.config - DEBUG - Read dynamic attribute jwt_algorithm from environment variable JWT_ALGORITHM
2026-04-28 06:57:47,541 - core.auth - DEBUG - Authentication token validated for user hash: c01b49cb
2026-04-28 06:57:47,543 - core.database - DEBUG - [DB_OP] Starting get_db session creation
2026-04-28 06:57:47,543 - core.database - DEBUG - [DB_OP] Database session created successfully in 0.0002s
2026-04-28 06:57:47,918 - services.rates_service - WARNING - FIXER_API_KEY not set, using fallback rates
2026-04-28 06:57:47,919 - core.database - DEBUG - [DB_OP] Database session cleanup after 0.3766s
2026-04-28 06:58:47,934 - core.database - DEBUG - [DB_OP] Starting get_db session creation
2026-04-28 06:58:47,935 - core.database - DEBUG - [DB_OP] Database session created successfully in 0.0005s
2026-04-28 06:58:48,438 - services.rates_service - WARNING - FIXER_API_KEY not set, using fallback rates
2026-04-28 06:58:48,439 - core.database - DEBUG - [DB_OP] Database session cleanup after 0.5046s
2026-04-28 06:58:53,907 - services.database - DEBUG - [DB_OP] Starting database close
2026-04-28 06:58:53,973 - core.database - INFO - Database connection closed and engine disposed
2026-04-28 06:58:53,973 - services.database - INFO - Database connections closed
2026-04-28 06:58:53,974 - services.database - DEBUG - [DB_OP] Database close completed in 0.0666s
