2026-04-29 02:25:38,877 - main - INFO - === Logging system initialized ===
2026-04-29 02:25:38,878 - main - INFO - Log file: logs/app_20260429_022538.log
2026-04-29 02:25:38,878 - main - INFO - Log level: INFO
2026-04-29 02:25:38,878 - main - INFO - Timestamp: 20260429_022538
2026-04-29 02:25:38,893 - main - WARNING - Failed to import module 'routers.aihub': cannot import name 'AnalyzePdfRequest' from 'schemas.aihub' (/workspace/app/backend/schemas/aihub.py)
2026-04-29 02:25:38,959 - main - INFO - Included router: routers.auth.router
2026-04-29 02:25:39,028 - main - INFO - Included router: routers.conversions.router
2026-04-29 02:25:39,096 - main - INFO - Included router: routers.currency_pairs.router
2026-04-29 02:25:39,142 - main - INFO - Included router: routers.deposits.router
2026-04-29 02:25:39,193 - main - INFO - Included router: routers.expert_tasks.router
2026-04-29 02:25:39,235 - main - INFO - Included router: routers.fee_settings.router
2026-04-29 02:25:39,237 - main - INFO - Included router: routers.health.router
2026-04-29 02:25:39,265 - main - INFO - Included router: routers.payments.router
2026-04-29 02:25:39,278 - main - INFO - Included router: routers.rates.router
2026-04-29 02:25:39,299 - main - INFO - Included router: routers.settings.router
2026-04-29 02:25:39,339 - main - INFO - Included router: routers.storage.router
2026-04-29 02:25:39,388 - main - INFO - Included router: routers.sub_admins.router
2026-04-29 02:25:39,398 - main - INFO - Included router: routers.user.router
2026-04-29 02:25:39,440 - main - INFO - Included router: routers.user_balances.router
2026-04-29 02:25:39,565 - main - INFO - Included router: routers.withdrawals.router
2026-04-29 02:25:39,567 - main - INFO - === Application startup initiated ===
2026-04-29 02:25:39,567 - services.database - INFO - Ignore creating tables
2026-04-29 02:25:39,567 - services.mock_data - INFO - Ignore initialize data
2026-04-29 02:25:39,567 - services.auth - INFO - Ignore initialize admin
2026-04-29 02:25:39,567 - main - INFO - === Application startup completed successfully ===
2026-04-29 02:26:02,919 - core.config - DEBUG - Read dynamic attribute jwt_secret_key from environment variable JWT_SECRET_KEY
2026-04-29 02:26:02,920 - core.config - DEBUG - Read dynamic attribute jwt_algorithm from environment variable JWT_ALGORITHM
2026-04-29 02:26:02,935 - core.auth - DEBUG - Authentication token validated for user hash: c01b49cb
2026-04-29 02:26:02,938 - core.database - DEBUG - [DB_OP] Starting get_db session creation
2026-04-29 02:26:02,939 - core.database - WARNING - Database session maker not available, attempting lazy initialization...
2026-04-29 02:26:02,939 - core.database - WARNING - Database not initialized, attempting lazy initialization...
2026-04-29 02:26:02,939 - core.database - INFO - Starting database initialization...
2026-04-29 02:26:02,939 - core.config - DEBUG - Read dynamic attribute database_url from environment variable DATABASE_URL
2026-04-29 02:26:02,939 - core.database - INFO - Normalizing database URL for async compatibility...
2026-04-29 02:26:02,941 - core.database - INFO - Creating async database engine...
2026-04-29 02:26:02,941 - core.database - INFO - Using QueuePool with connection pooling for non-Lambda environment
2026-04-29 02:26:03,001 - core.database - INFO - Database engine created successfully
2026-04-29 02:26:03,002 - core.database - INFO - Creating async session maker...
2026-04-29 02:26:03,002 - core.database - INFO - Async session maker created successfully
2026-04-29 02:26:03,002 - core.database - INFO - Database connection initialized successfully
2026-04-29 02:26:03,002 - core.database - DEBUG - [DB_OP] Starting create_tables
2026-04-29 02:26:03,002 - core.database - INFO - 🔧 Starting table creation...
2026-04-29 02:26:04,852 - core.database - INFO - Tables initialized successfully
2026-04-29 02:26:04,852 - core.database - DEBUG - [DB_OP] Create tables completed in 1.8499s
2026-04-29 02:26:04,916 - core.database - INFO - Lazy database initialization completed successfully
2026-04-29 02:26:04,917 - core.database - DEBUG - [DB_OP] Database session created successfully in 1.9787s
2026-04-29 02:26:05,569 - services.rates_service - WARNING - FIXER_API_KEY not set, using fallback rates
2026-04-29 02:26:05,570 - core.database - DEBUG - [DB_OP] Database session cleanup after 2.6316s
2026-04-29 02:26:05,691 - services.database - DEBUG - [DB_OP] Starting database close
2026-04-29 02:26:05,758 - core.database - INFO - Database connection closed and engine disposed
2026-04-29 02:26:05,759 - services.database - INFO - Database connections closed
2026-04-29 02:26:05,759 - services.database - DEBUG - [DB_OP] Database close completed in 0.0678s
