2026-04-29 02:23:55,995 - main - INFO - === Logging system initialized ===
2026-04-29 02:23:55,995 - main - INFO - Log file: logs/app_20260429_022355.log
2026-04-29 02:23:55,995 - main - INFO - Log level: INFO
2026-04-29 02:23:55,995 - main - INFO - Timestamp: 20260429_022355
2026-04-29 02:23:56,011 - main - WARNING - Failed to import module 'routers.aihub': cannot import name 'AnalyzePdfRequest' from 'schemas.aihub' (/workspace/app/backend/schemas/aihub.py)
2026-04-29 02:23:56,094 - main - INFO - Included router: routers.auth.router
2026-04-29 02:23:56,144 - main - INFO - Included router: routers.conversions.router
2026-04-29 02:23:56,186 - main - INFO - Included router: routers.currency_pairs.router
2026-04-29 02:23:56,236 - main - INFO - Included router: routers.deposits.router
2026-04-29 02:23:56,285 - main - INFO - Included router: routers.expert_tasks.router
2026-04-29 02:23:56,328 - main - INFO - Included router: routers.fee_settings.router
2026-04-29 02:23:56,331 - main - INFO - Included router: routers.health.router
2026-04-29 02:23:56,357 - main - INFO - Included router: routers.payments.router
2026-04-29 02:23:56,385 - main - INFO - Included router: routers.rates.router
2026-04-29 02:23:56,408 - main - INFO - Included router: routers.settings.router
2026-04-29 02:23:56,443 - main - INFO - Included router: routers.storage.router
2026-04-29 02:23:56,487 - main - INFO - Included router: routers.sub_admins.router
2026-04-29 02:23:56,495 - main - INFO - Included router: routers.user.router
2026-04-29 02:23:56,535 - main - INFO - Included router: routers.user_balances.router
2026-04-29 02:23:56,674 - main - INFO - Included router: routers.withdrawals.router
2026-04-29 02:23:56,675 - main - INFO - === Application startup initiated ===
2026-04-29 02:23:56,675 - services.database - INFO - Ignore creating tables
2026-04-29 02:23:56,676 - services.mock_data - INFO - Ignore initialize data
2026-04-29 02:23:56,676 - services.auth - INFO - Ignore initialize admin
2026-04-29 02:23:56,676 - main - INFO - === Application startup completed successfully ===
2026-04-29 02:24:40,658 - core.database - DEBUG - [DB_OP] Starting get_db session creation
2026-04-29 02:24:40,658 - core.database - WARNING - Database session maker not available, attempting lazy initialization...
2026-04-29 02:24:40,658 - core.database - WARNING - Database not initialized, attempting lazy initialization...
2026-04-29 02:24:40,658 - core.database - INFO - Starting database initialization...
2026-04-29 02:24:40,658 - core.config - DEBUG - Read dynamic attribute database_url from environment variable DATABASE_URL
2026-04-29 02:24:40,658 - core.database - INFO - Normalizing database URL for async compatibility...
2026-04-29 02:24:40,659 - core.database - INFO - Creating async database engine...
2026-04-29 02:24:40,660 - core.database - INFO - Using QueuePool with connection pooling for non-Lambda environment
2026-04-29 02:24:40,718 - core.database - INFO - Database engine created successfully
2026-04-29 02:24:40,718 - core.database - INFO - Creating async session maker...
2026-04-29 02:24:40,718 - core.database - INFO - Async session maker created successfully
2026-04-29 02:24:40,718 - core.database - INFO - Database connection initialized successfully
2026-04-29 02:24:40,718 - core.database - DEBUG - [DB_OP] Starting create_tables
2026-04-29 02:24:40,718 - core.database - INFO - 🔧 Starting table creation...
2026-04-29 02:24:42,552 - core.database - INFO - Tables initialized successfully
2026-04-29 02:24:42,552 - core.database - DEBUG - [DB_OP] Create tables completed in 1.8340s
2026-04-29 02:24:42,615 - core.database - INFO - Lazy database initialization completed successfully
2026-04-29 02:24:42,616 - core.database - DEBUG - [DB_OP] Database session created successfully in 1.9581s
2026-04-29 02:24:43,342 - services.rates_service - WARNING - FIXER_API_KEY not set, using fallback rates
2026-04-29 02:24:43,343 - core.database - DEBUG - [DB_OP] Database session cleanup after 2.6857s
2026-04-29 02:25:20,135 - dependencies.auth - DEBUG - Authentication required for request GET /api/v1/auth/me
2026-04-29 02:25:20,136 - core.database - DEBUG - [DB_OP] Starting get_db session creation
2026-04-29 02:25:20,137 - core.database - DEBUG - [DB_OP] Database session created successfully in 0.0003s
2026-04-29 02:25:20,517 - services.rates_service - WARNING - FIXER_API_KEY not set, using fallback rates
2026-04-29 02:25:20,519 - core.database - DEBUG - [DB_OP] Database session cleanup after 0.3825s
2026-04-29 02:25:29,265 - services.database - DEBUG - [DB_OP] Starting database close
2026-04-29 02:25:29,332 - core.database - INFO - Database connection closed and engine disposed
2026-04-29 02:25:29,332 - services.database - INFO - Database connections closed
2026-04-29 02:25:29,332 - services.database - DEBUG - [DB_OP] Database close completed in 0.0670s
