2026-04-28 06:59:04,272 - main - INFO - === Logging system initialized ===
2026-04-28 06:59:04,272 - main - INFO - Log file: logs/app_20260428_065904.log
2026-04-28 06:59:04,272 - main - INFO - Log level: INFO
2026-04-28 06:59:04,272 - main - INFO - Timestamp: 20260428_065904
2026-04-28 06:59:04,286 - main - WARNING - Failed to import module 'routers.aihub': cannot import name 'AnalyzePdfRequest' from 'schemas.aihub' (/workspace/app/backend/schemas/aihub.py)
2026-04-28 06:59:04,354 - main - INFO - Included router: routers.auth.router
2026-04-28 06:59:04,408 - main - INFO - Included router: routers.conversions.router
2026-04-28 06:59:04,451 - main - INFO - Included router: routers.currency_pairs.router
2026-04-28 06:59:04,502 - main - INFO - Included router: routers.deposits.router
2026-04-28 06:59:04,577 - main - INFO - Included router: routers.expert_tasks.router
2026-04-28 06:59:04,635 - main - INFO - Included router: routers.fee_settings.router
2026-04-28 06:59:04,638 - main - INFO - Included router: routers.health.router
2026-04-28 06:59:04,669 - main - INFO - Included router: routers.payments.router
2026-04-28 06:59:04,681 - main - INFO - Included router: routers.rates.router
2026-04-28 06:59:04,703 - main - INFO - Included router: routers.settings.router
2026-04-28 06:59:04,766 - main - INFO - Included router: routers.storage.router
2026-04-28 06:59:04,775 - main - INFO - Included router: routers.user.router
2026-04-28 06:59:04,818 - main - INFO - Included router: routers.user_balances.router
2026-04-28 06:59:04,867 - main - INFO - Included router: routers.withdrawals.router
2026-04-28 06:59:04,956 - main - INFO - === Application startup initiated ===
2026-04-28 06:59:04,956 - services.database - INFO - Ignore creating tables
2026-04-28 06:59:04,957 - services.mock_data - INFO - Ignore initialize data
2026-04-28 06:59:04,957 - services.auth - INFO - Ignore initialize admin
2026-04-28 06:59:04,957 - main - INFO - === Application startup completed successfully ===
2026-04-28 06:59:37,731 - core.config - DEBUG - Read dynamic attribute jwt_secret_key from environment variable JWT_SECRET_KEY
2026-04-28 06:59:37,731 - core.config - DEBUG - Read dynamic attribute jwt_algorithm from environment variable JWT_ALGORITHM
2026-04-28 06:59:37,743 - core.auth - DEBUG - Authentication token validated for user hash: c01b49cb
2026-04-28 06:59:37,747 - core.database - DEBUG - [DB_OP] Starting get_db session creation
2026-04-28 06:59:37,747 - core.database - WARNING - Database session maker not available, attempting lazy initialization...
2026-04-28 06:59:37,747 - core.database - WARNING - Database not initialized, attempting lazy initialization...
2026-04-28 06:59:37,747 - core.database - INFO - Starting database initialization...
2026-04-28 06:59:37,747 - core.config - DEBUG - Read dynamic attribute database_url from environment variable DATABASE_URL
2026-04-28 06:59:37,748 - core.database - INFO - Normalizing database URL for async compatibility...
2026-04-28 06:59:37,749 - core.database - INFO - Creating async database engine...
2026-04-28 06:59:37,749 - core.database - INFO - Using QueuePool with connection pooling for non-Lambda environment
2026-04-28 06:59:37,803 - core.database - INFO - Database engine created successfully
2026-04-28 06:59:37,803 - core.database - INFO - Creating async session maker...
2026-04-28 06:59:37,804 - core.database - INFO - Async session maker created successfully
2026-04-28 06:59:37,804 - core.database - INFO - Database connection initialized successfully
2026-04-28 06:59:37,804 - core.database - DEBUG - [DB_OP] Starting create_tables
2026-04-28 06:59:37,804 - core.database - INFO - 🔧 Starting table creation...
2026-04-28 06:59:39,539 - core.database - INFO - Tables initialized successfully
2026-04-28 06:59:39,539 - core.database - DEBUG - [DB_OP] Create tables completed in 1.7355s
2026-04-28 06:59:39,602 - core.database - INFO - Lazy database initialization completed successfully
2026-04-28 06:59:39,602 - core.database - DEBUG - [DB_OP] Database session created successfully in 1.8556s
2026-04-28 06:59:40,239 - services.rates_service - WARNING - FIXER_API_KEY not set, using fallback rates
2026-04-28 06:59:40,240 - core.database - DEBUG - [DB_OP] Database session cleanup after 2.4932s
2026-04-28 07:02:02,050 - core.database - DEBUG - [DB_OP] Starting get_db session creation
2026-04-28 07:02:02,051 - core.database - DEBUG - [DB_OP] Database session created successfully in 0.0006s
2026-04-28 07:02:02,209 - core.auth - DEBUG - Authentication token validated for user hash: c01b49cb
2026-04-28 07:02:02,438 - services.rates_service - WARNING - FIXER_API_KEY not set, using fallback rates
2026-04-28 07:02:02,439 - core.database - DEBUG - [DB_OP] Database session cleanup after 0.3890s
2026-04-28 07:03:20,797 - core.auth - DEBUG - Authentication token validated for user hash: c01b49cb
2026-04-28 07:03:20,815 - core.database - DEBUG - [DB_OP] Starting get_db session creation
2026-04-28 07:03:20,816 - core.database - DEBUG - [DB_OP] Database session created successfully in 0.0004s
2026-04-28 07:03:21,191 - services.rates_service - WARNING - FIXER_API_KEY not set, using fallback rates
2026-04-28 07:03:21,192 - core.database - DEBUG - [DB_OP] Database session cleanup after 0.3768s
2026-04-28 07:04:01,489 - core.auth - DEBUG - Authentication token validated for user hash: c01b49cb
2026-04-28 07:04:01,510 - core.database - DEBUG - [DB_OP] Starting get_db session creation
2026-04-28 07:04:01,511 - core.database - DEBUG - [DB_OP] Database session created successfully in 0.0005s
2026-04-28 07:04:01,945 - services.rates_service - WARNING - FIXER_API_KEY not set, using fallback rates
2026-04-28 07:04:01,947 - core.database - DEBUG - [DB_OP] Database session cleanup after 0.4364s
2026-04-28 07:05:18,816 - core.auth - DEBUG - Authentication token validated for user hash: c01b49cb
2026-04-28 07:05:18,820 - core.database - DEBUG - [DB_OP] Starting get_db session creation
2026-04-28 07:05:18,820 - core.database - DEBUG - [DB_OP] Database session created successfully in 0.0004s
2026-04-28 07:05:19,319 - services.rates_service - WARNING - FIXER_API_KEY not set, using fallback rates
2026-04-28 07:05:19,320 - core.database - DEBUG - [DB_OP] Database session cleanup after 0.5003s
2026-04-28 07:07:01,377 - core.database - DEBUG - [DB_OP] Starting get_db session creation
2026-04-28 07:07:01,378 - core.database - DEBUG - [DB_OP] Database session created successfully in 0.0005s
2026-04-28 07:07:01,754 - services.rates_service - WARNING - FIXER_API_KEY not set, using fallback rates
2026-04-28 07:07:01,755 - core.database - DEBUG - [DB_OP] Database session cleanup after 0.3775s
2026-04-28 07:07:22,427 - core.auth - DEBUG - Authentication token validated for user hash: c01b49cb
2026-04-28 07:07:36,387 - core.database - DEBUG - [DB_OP] Starting get_db session creation
2026-04-28 07:07:36,388 - core.database - DEBUG - [DB_OP] Database session created successfully in 0.0005s
2026-04-28 07:07:36,825 - services.rates_service - WARNING - FIXER_API_KEY not set, using fallback rates
2026-04-28 07:07:36,826 - core.database - DEBUG - [DB_OP] Database session cleanup after 0.4388s
2026-04-28 07:08:18,353 - core.database - DEBUG - [DB_OP] Starting get_db session creation
2026-04-28 07:08:18,353 - core.database - DEBUG - [DB_OP] Database session created successfully in 0.0004s
2026-04-28 07:08:18,731 - services.rates_service - WARNING - FIXER_API_KEY not set, using fallback rates
2026-04-28 07:08:18,732 - core.database - DEBUG - [DB_OP] Database session cleanup after 0.3786s
2026-04-28 07:09:19,050 - core.database - DEBUG - [DB_OP] Starting get_db session creation
2026-04-28 07:09:19,050 - core.database - DEBUG - [DB_OP] Database session created successfully in 0.0005s
2026-04-28 07:09:19,426 - services.rates_service - WARNING - FIXER_API_KEY not set, using fallback rates
2026-04-28 07:09:19,427 - core.database - DEBUG - [DB_OP] Database session cleanup after 0.3779s
2026-04-28 07:10:18,401 - core.database - DEBUG - [DB_OP] Starting get_db session creation
2026-04-28 07:10:18,401 - core.database - DEBUG - [DB_OP] Database session created successfully in 0.0004s
2026-04-28 07:10:18,840 - services.rates_service - WARNING - FIXER_API_KEY not set, using fallback rates
2026-04-28 07:10:18,841 - core.database - DEBUG - [DB_OP] Database session cleanup after 0.4400s
2026-04-28 07:10:52,037 - core.auth - DEBUG - Authentication token validated for user hash: c01b49cb
2026-04-28 07:10:52,049 - core.database - DEBUG - [DB_OP] Starting get_db session creation
2026-04-28 07:10:52,050 - core.database - DEBUG - [DB_OP] Database session created successfully in 0.0005s
2026-04-28 07:10:52,550 - services.rates_service - WARNING - FIXER_API_KEY not set, using fallback rates
2026-04-28 07:10:52,551 - core.database - DEBUG - [DB_OP] Database session cleanup after 0.5017s
2026-04-28 07:11:52,698 - core.database - DEBUG - [DB_OP] Starting get_db session creation
2026-04-28 07:11:52,698 - core.database - DEBUG - [DB_OP] Database session created successfully in 0.0005s
2026-04-28 07:11:53,074 - services.rates_service - WARNING - FIXER_API_KEY not set, using fallback rates
2026-04-28 07:11:53,074 - core.database - DEBUG - [DB_OP] Database session cleanup after 0.3768s
2026-04-28 07:13:03,116 - core.database - DEBUG - [DB_OP] Starting get_db session creation
2026-04-28 07:13:03,116 - core.database - DEBUG - [DB_OP] Database session created successfully in 0.0005s
2026-04-28 07:13:03,555 - services.rates_service - WARNING - FIXER_API_KEY not set, using fallback rates
2026-04-28 07:13:03,556 - core.database - DEBUG - [DB_OP] Database session cleanup after 0.4406s
2026-04-28 07:13:54,520 - core.database - DEBUG - [DB_OP] Starting get_db session creation
2026-04-28 07:13:54,520 - core.database - DEBUG - [DB_OP] Database session created successfully in 0.0005s
2026-04-28 07:13:54,897 - services.rates_service - WARNING - FIXER_API_KEY not set, using fallback rates
2026-04-28 07:13:54,898 - core.database - DEBUG - [DB_OP] Database session cleanup after 0.3781s
2026-04-28 07:14:53,353 - core.database - DEBUG - [DB_OP] Starting get_db session creation
2026-04-28 07:14:53,353 - core.database - DEBUG - [DB_OP] Database session created successfully in 0.0005s
2026-04-28 07:14:53,733 - services.rates_service - WARNING - FIXER_API_KEY not set, using fallback rates
2026-04-28 07:14:53,734 - core.database - DEBUG - [DB_OP] Database session cleanup after 0.3809s
2026-04-28 07:15:31,173 - core.auth - DEBUG - Authentication token validated for user hash: c01b49cb
2026-04-28 07:15:31,190 - core.database - DEBUG - [DB_OP] Starting get_db session creation
2026-04-28 07:15:31,190 - core.database - DEBUG - [DB_OP] Database session created successfully in 0.0004s
2026-04-28 07:15:31,629 - services.rates_service - WARNING - FIXER_API_KEY not set, using fallback rates
2026-04-28 07:15:31,630 - core.database - DEBUG - [DB_OP] Database session cleanup after 0.4400s
2026-04-28 07:16:31,965 - core.database - DEBUG - [DB_OP] Starting get_db session creation
2026-04-28 07:16:31,966 - core.database - DEBUG - [DB_OP] Database session created successfully in 0.0006s
2026-04-28 07:16:32,465 - services.rates_service - WARNING - FIXER_API_KEY not set, using fallback rates
2026-04-28 07:16:32,466 - core.database - DEBUG - [DB_OP] Database session cleanup after 0.5007s
2026-04-28 07:17:31,689 - core.database - DEBUG - [DB_OP] Starting get_db session creation
2026-04-28 07:17:31,690 - core.database - DEBUG - [DB_OP] Database session created successfully in 0.0005s
2026-04-28 07:17:32,067 - services.rates_service - WARNING - FIXER_API_KEY not set, using fallback rates
2026-04-28 07:17:32,069 - core.database - DEBUG - [DB_OP] Database session cleanup after 0.3798s
2026-04-28 07:18:02,809 - services.database - DEBUG - [DB_OP] Starting database close
2026-04-28 07:18:02,876 - core.database - INFO - Database connection closed and engine disposed
2026-04-28 07:18:02,876 - services.database - INFO - Database connections closed
2026-04-28 07:18:02,877 - services.database - DEBUG - [DB_OP] Database close completed in 0.0677s
