2026-04-28 06:52:06,674 - main - INFO - === Logging system initialized ===
2026-04-28 06:52:06,675 - main - INFO - Log file: logs/app_20260428_065206.log
2026-04-28 06:52:06,675 - main - INFO - Log level: INFO
2026-04-28 06:52:06,675 - main - INFO - Timestamp: 20260428_065206
2026-04-28 06:52:06,691 - main - WARNING - Failed to import module 'routers.aihub': cannot import name 'AnalyzePdfRequest' from 'schemas.aihub' (/workspace/app/backend/schemas/aihub.py)
2026-04-28 06:52:06,759 - main - INFO - Included router: routers.auth.router
2026-04-28 06:52:06,816 - main - INFO - Included router: routers.conversions.router
2026-04-28 06:52:06,864 - main - INFO - Included router: routers.currency_pairs.router
2026-04-28 06:52:06,920 - main - INFO - Included router: routers.deposits.router
2026-04-28 06:52:06,982 - main - INFO - Included router: routers.expert_tasks.router
2026-04-28 06:52:07,042 - main - INFO - Included router: routers.fee_settings.router
2026-04-28 06:52:07,054 - main - INFO - Included router: routers.health.router
2026-04-28 06:52:07,091 - main - INFO - Included router: routers.payments.router
2026-04-28 06:52:07,120 - main - INFO - Included router: routers.rates.router
2026-04-28 06:52:07,146 - main - INFO - Included router: routers.settings.router
2026-04-28 06:52:07,189 - main - INFO - Included router: routers.storage.router
2026-04-28 06:52:07,199 - main - INFO - Included router: routers.user.router
2026-04-28 06:52:07,247 - main - INFO - Included router: routers.user_balances.router
2026-04-28 06:52:07,301 - main - INFO - Included router: routers.withdrawals.router
2026-04-28 06:52:07,391 - main - INFO - === Application startup initiated ===
2026-04-28 06:52:07,392 - services.database - INFO - Ignore creating tables
2026-04-28 06:52:07,392 - services.mock_data - INFO - Ignore initialize data
2026-04-28 06:52:07,392 - services.auth - INFO - Ignore initialize admin
2026-04-28 06:52:07,392 - main - INFO - === Application startup completed successfully ===
2026-04-28 06:52:07,399 - core.database - DEBUG - [DB_OP] Starting get_db session creation
2026-04-28 06:52:07,399 - core.database - WARNING - Database session maker not available, attempting lazy initialization...
2026-04-28 06:52:07,399 - core.database - WARNING - Database not initialized, attempting lazy initialization...
2026-04-28 06:52:07,399 - core.database - INFO - Starting database initialization...
2026-04-28 06:52:07,399 - core.config - DEBUG - Read dynamic attribute database_url from environment variable DATABASE_URL
2026-04-28 06:52:07,399 - core.database - INFO - Normalizing database URL for async compatibility...
2026-04-28 06:52:07,401 - core.database - INFO - Creating async database engine...
2026-04-28 06:52:07,401 - core.database - INFO - Using QueuePool with connection pooling for non-Lambda environment
2026-04-28 06:52:07,455 - core.database - INFO - Database engine created successfully
2026-04-28 06:52:07,455 - core.database - INFO - Creating async session maker...
2026-04-28 06:52:07,455 - core.database - INFO - Async session maker created successfully
2026-04-28 06:52:07,455 - core.database - INFO - Database connection initialized successfully
2026-04-28 06:52:07,456 - core.database - DEBUG - [DB_OP] Starting create_tables
2026-04-28 06:52:07,456 - core.database - INFO - 🔧 Starting table creation...
2026-04-28 06:52:09,210 - core.database - INFO - Tables initialized successfully
2026-04-28 06:52:09,210 - core.database - DEBUG - [DB_OP] Create tables completed in 1.7548s
2026-04-28 06:52:09,274 - core.database - INFO - Lazy database initialization completed successfully
2026-04-28 06:52:09,275 - core.database - DEBUG - [DB_OP] Database session created successfully in 1.8763s
2026-04-28 06:52:09,918 - services.rates_service - WARNING - FIXER_API_KEY not set, using fallback rates
2026-04-28 06:52:09,919 - core.database - DEBUG - [DB_OP] Database session cleanup after 2.5200s
2026-04-28 06:52:10,047 - services.database - DEBUG - [DB_OP] Starting database close
2026-04-28 06:52:10,113 - core.database - INFO - Database connection closed and engine disposed
2026-04-28 06:52:10,114 - services.database - INFO - Database connections closed
2026-04-28 06:52:10,114 - services.database - DEBUG - [DB_OP] Database close completed in 0.0676s
