2026-04-28 01:33:37,454 - main - INFO - === Logging system initialized ===
2026-04-28 01:33:37,455 - main - INFO - Log file: logs/app_20260428_013337.log
2026-04-28 01:33:37,455 - main - INFO - Log level: INFO
2026-04-28 01:33:37,455 - main - INFO - Timestamp: 20260428_013337
2026-04-28 01:33:37,473 - main - WARNING - Failed to import module 'routers.aihub': cannot import name 'AnalyzePdfRequest' from 'schemas.aihub' (/workspace/app/backend/schemas/aihub.py)
2026-04-28 01:33:37,538 - main - INFO - Included router: routers.auth.router
2026-04-28 01:33:37,591 - main - INFO - Included router: routers.conversions.router
2026-04-28 01:33:37,633 - main - INFO - Included router: routers.currency_pairs.router
2026-04-28 01:33:37,681 - main - INFO - Included router: routers.deposits.router
2026-04-28 01:33:37,730 - main - INFO - Included router: routers.expert_tasks.router
2026-04-28 01:33:37,770 - main - INFO - Included router: routers.fee_settings.router
2026-04-28 01:33:37,773 - main - INFO - Included router: routers.health.router
2026-04-28 01:33:37,808 - main - INFO - Included router: routers.payments.router
2026-04-28 01:33:37,819 - main - INFO - Included router: routers.rates.router
2026-04-28 01:33:37,839 - main - INFO - Included router: routers.settings.router
2026-04-28 01:33:37,876 - main - INFO - Included router: routers.storage.router
2026-04-28 01:33:37,885 - main - INFO - Included router: routers.user.router
2026-04-28 01:33:37,926 - main - INFO - Included router: routers.user_balances.router
2026-04-28 01:33:37,977 - main - INFO - Included router: routers.withdrawals.router
2026-04-28 01:33:37,978 - main - INFO - === Application startup initiated ===
2026-04-28 01:33:37,979 - services.database - INFO - Ignore creating tables
2026-04-28 01:33:37,979 - services.mock_data - INFO - Ignore initialize data
2026-04-28 01:33:37,979 - services.auth - INFO - Ignore initialize admin
2026-04-28 01:33:37,979 - main - INFO - === Application startup completed successfully ===
2026-04-28 01:37:28,935 - services.database - DEBUG - [DB_OP] Starting database close
2026-04-28 01:37:28,935 - services.database - INFO - Database connections closed
2026-04-28 01:37:28,936 - services.database - DEBUG - [DB_OP] Database close completed in 0.0004s
