2026-04-28 07:21:11,437 - main - INFO - === Logging system initialized ===
2026-04-28 07:21:11,437 - main - INFO - Log file: logs/app_20260428_072111.log
2026-04-28 07:21:11,437 - main - INFO - Log level: INFO
2026-04-28 07:21:11,437 - main - INFO - Timestamp: 20260428_072111
2026-04-28 07:21:11,461 - main - WARNING - Failed to import module 'routers.aihub': cannot import name 'AnalyzePdfRequest' from 'schemas.aihub' (/workspace/app/backend/schemas/aihub.py)
2026-04-28 07:21:11,540 - main - INFO - Included router: routers.auth.router
2026-04-28 07:21:11,604 - main - INFO - Included router: routers.conversions.router
2026-04-28 07:21:11,648 - main - INFO - Included router: routers.currency_pairs.router
2026-04-28 07:21:11,700 - main - INFO - Included router: routers.deposits.router
2026-04-28 07:21:11,766 - main - INFO - Included router: routers.expert_tasks.router
2026-04-28 07:21:11,825 - main - INFO - Included router: routers.fee_settings.router
2026-04-28 07:21:11,828 - main - INFO - Included router: routers.health.router
2026-04-28 07:21:11,864 - main - INFO - Included router: routers.payments.router
2026-04-28 07:21:11,881 - main - INFO - Included router: routers.rates.router
2026-04-28 07:21:11,909 - main - INFO - Included router: routers.settings.router
2026-04-28 07:21:11,951 - main - INFO - Included router: routers.storage.router
2026-04-28 07:21:11,961 - main - INFO - Included router: routers.user.router
2026-04-28 07:21:12,015 - main - INFO - Included router: routers.user_balances.router
2026-04-28 07:21:12,087 - main - INFO - Included router: routers.withdrawals.router
2026-04-28 07:21:12,088 - main - INFO - === Application startup initiated ===
2026-04-28 07:21:12,088 - services.database - INFO - Ignore creating tables
2026-04-28 07:21:12,089 - services.mock_data - INFO - Ignore initialize data
2026-04-28 07:21:12,089 - services.auth - INFO - Ignore initialize admin
2026-04-28 07:21:12,089 - main - INFO - === Application startup completed successfully ===
2026-04-28 07:21:18,132 - core.config - DEBUG - Read dynamic attribute jwt_secret_key from environment variable JWT_SECRET_KEY
2026-04-28 07:21:18,132 - core.config - DEBUG - Read dynamic attribute jwt_algorithm from environment variable JWT_ALGORITHM
2026-04-28 07:21:18,142 - core.auth - DEBUG - Authentication token validated for user hash: c01b49cb
2026-04-28 07:21:18,145 - core.database - DEBUG - [DB_OP] Starting get_db session creation
2026-04-28 07:21:18,145 - core.database - WARNING - Database session maker not available, attempting lazy initialization...
2026-04-28 07:21:18,146 - core.database - WARNING - Database not initialized, attempting lazy initialization...
2026-04-28 07:21:18,146 - core.database - INFO - Starting database initialization...
2026-04-28 07:21:18,146 - core.config - DEBUG - Read dynamic attribute database_url from environment variable DATABASE_URL
2026-04-28 07:21:18,146 - core.database - INFO - Normalizing database URL for async compatibility...
2026-04-28 07:21:18,147 - core.database - INFO - Creating async database engine...
2026-04-28 07:21:18,147 - core.database - INFO - Using QueuePool with connection pooling for non-Lambda environment
2026-04-28 07:21:18,186 - core.database - INFO - Database engine created successfully
2026-04-28 07:21:18,186 - core.database - INFO - Creating async session maker...
2026-04-28 07:21:18,187 - core.database - INFO - Async session maker created successfully
2026-04-28 07:21:18,187 - core.database - INFO - Database connection initialized successfully
2026-04-28 07:21:18,187 - core.database - DEBUG - [DB_OP] Starting create_tables
2026-04-28 07:21:18,187 - core.database - INFO - 🔧 Starting table creation...
2026-04-28 07:21:19,951 - core.database - INFO - Tables initialized successfully
2026-04-28 07:21:19,952 - core.database - DEBUG - [DB_OP] Create tables completed in 1.7645s
2026-04-28 07:21:20,015 - core.database - INFO - Lazy database initialization completed successfully
2026-04-28 07:21:20,016 - core.database - DEBUG - [DB_OP] Database session created successfully in 1.8710s
2026-04-28 07:21:20,657 - services.rates_service - WARNING - FIXER_API_KEY not set, using fallback rates
2026-04-28 07:21:20,658 - core.database - DEBUG - [DB_OP] Database session cleanup after 2.5130s
2026-04-28 07:21:46,701 - services.database - DEBUG - [DB_OP] Starting database close
2026-04-28 07:21:46,770 - core.database - INFO - Database connection closed and engine disposed
2026-04-28 07:21:46,771 - services.database - INFO - Database connections closed
2026-04-28 07:21:46,772 - services.database - DEBUG - [DB_OP] Database close completed in 0.0709s
