2026-04-29 01:37:34,156 - main - INFO - === Logging system initialized ===
2026-04-29 01:37:34,156 - main - INFO - Log file: logs/app_20260429_013734.log
2026-04-29 01:37:34,156 - main - INFO - Log level: INFO
2026-04-29 01:37:34,156 - main - INFO - Timestamp: 20260429_013734
2026-04-29 01:37:34,171 - main - WARNING - Failed to import module 'routers.aihub': cannot import name 'AnalyzePdfRequest' from 'schemas.aihub' (/workspace/app/backend/schemas/aihub.py)
2026-04-29 01:37:34,231 - main - INFO - Included router: routers.auth.router
2026-04-29 01:37:34,285 - main - INFO - Included router: routers.conversions.router
2026-04-29 01:37:34,326 - main - INFO - Included router: routers.currency_pairs.router
2026-04-29 01:37:34,374 - main - INFO - Included router: routers.deposits.router
2026-04-29 01:37:34,425 - main - INFO - Included router: routers.expert_tasks.router
2026-04-29 01:37:34,469 - main - INFO - Included router: routers.fee_settings.router
2026-04-29 01:37:34,470 - main - INFO - Included router: routers.health.router
2026-04-29 01:37:34,498 - main - INFO - Included router: routers.payments.router
2026-04-29 01:37:34,507 - main - INFO - Included router: routers.rates.router
2026-04-29 01:37:34,527 - main - INFO - Included router: routers.settings.router
2026-04-29 01:37:34,563 - main - INFO - Included router: routers.storage.router
2026-04-29 01:37:34,662 - main - INFO - Included router: routers.sub_admins.router
2026-04-29 01:37:34,671 - main - INFO - Included router: routers.user.router
2026-04-29 01:37:34,726 - main - INFO - Included router: routers.user_balances.router
2026-04-29 01:37:34,875 - main - INFO - Included router: routers.withdrawals.router
2026-04-29 01:37:34,877 - main - INFO - === Application startup initiated ===
2026-04-29 01:37:34,878 - services.database - INFO - Ignore creating tables
2026-04-29 01:37:34,878 - services.mock_data - INFO - Ignore initialize data
2026-04-29 01:37:34,878 - services.auth - INFO - Ignore initialize admin
2026-04-29 01:37:34,878 - main - INFO - === Application startup completed successfully ===
2026-04-29 01:37:47,166 - core.config - DEBUG - Read dynamic attribute jwt_secret_key from environment variable JWT_SECRET_KEY
2026-04-29 01:37:47,166 - core.config - DEBUG - Read dynamic attribute jwt_algorithm from environment variable JWT_ALGORITHM
2026-04-29 01:37:47,177 - core.auth - DEBUG - Authentication token validated for user hash: c01b49cb
2026-04-29 01:37:47,181 - core.database - DEBUG - [DB_OP] Starting get_db session creation
2026-04-29 01:37:47,181 - core.database - WARNING - Database session maker not available, attempting lazy initialization...
2026-04-29 01:37:47,181 - core.database - WARNING - Database not initialized, attempting lazy initialization...
2026-04-29 01:37:47,181 - core.database - INFO - Starting database initialization...
2026-04-29 01:37:47,181 - core.config - DEBUG - Read dynamic attribute database_url from environment variable DATABASE_URL
2026-04-29 01:37:47,181 - core.database - INFO - Normalizing database URL for async compatibility...
2026-04-29 01:37:47,183 - core.database - INFO - Creating async database engine...
2026-04-29 01:37:47,183 - core.database - INFO - Using QueuePool with connection pooling for non-Lambda environment
2026-04-29 01:37:47,226 - core.database - INFO - Database engine created successfully
2026-04-29 01:37:47,226 - core.database - INFO - Creating async session maker...
2026-04-29 01:37:47,227 - core.database - INFO - Async session maker created successfully
2026-04-29 01:37:47,227 - core.database - INFO - Database connection initialized successfully
2026-04-29 01:37:47,227 - core.database - DEBUG - [DB_OP] Starting create_tables
2026-04-29 01:37:47,228 - core.database - INFO - 🔧 Starting table creation...
2026-04-29 01:37:49,056 - core.database - INFO - Tables initialized successfully
2026-04-29 01:37:49,057 - core.database - DEBUG - [DB_OP] Create tables completed in 1.8294s
2026-04-29 01:37:49,119 - core.database - INFO - Lazy database initialization completed successfully
2026-04-29 01:37:49,120 - core.database - DEBUG - [DB_OP] Database session created successfully in 1.9391s
2026-04-29 01:37:49,760 - services.rates_service - WARNING - FIXER_API_KEY not set, using fallback rates
2026-04-29 01:37:49,760 - core.database - DEBUG - [DB_OP] Database session cleanup after 2.5796s
2026-04-29 01:37:49,857 - services.database - DEBUG - [DB_OP] Starting database close
2026-04-29 01:37:49,923 - core.database - INFO - Database connection closed and engine disposed
2026-04-29 01:37:49,924 - services.database - INFO - Database connections closed
2026-04-29 01:37:49,924 - services.database - DEBUG - [DB_OP] Database close completed in 0.0673s
