[2026-06-17 01:28:43] ═══════════════════════════════════════
[2026-06-17 01:28:43] 🤖 AutoConverter Bot - بدء التشغيل
[2026-06-17 01:28:43] 📡 عنوان API: http://localhost:5173
[2026-06-17 01:28:43] ⏱️  الفاصل الزمني: 300 ثانية
[2026-06-17 01:28:43] 💱 أزواج العملات: 8 زوج
[2026-06-17 01:28:43] 💰 نطاق المبالغ: 10 - 1000
[2026-06-17 01:28:43] ═══════════════════════════════════════
[2026-06-17 01:28:43] 📊 لا توجد تحويلات سابقة
[2026-06-17 01:28:43] 🔄 وضع التشغيل المفرد (--once)
[2026-06-17 01:28:43] 🔄 بدء تحويل: 859.36 TRX → TTB
[2026-06-17 01:28:43] 💱 النتيجة: 859.36 TRX = 1085507.3684 TTB (صافي: 1085505.3684 بعد رسوم 2)
[2026-06-17 01:28:43] ⚠️ لا يمكن الاتصال بـ http://localhost:5173 - سيتم الحفظ محلياً فقط
[2026-06-17 01:28:43] ✅ تم الانتهاء
[2026-06-17 03:08:27] ═══════════════════════════════════════
[2026-06-17 03:08:27] 🤖 AutoConverter Bot - بدء التشغيل
[2026-06-17 03:08:27] 📡 عنوان API: http://localhost:3001
[2026-06-17 03:08:27] ⏱️  الفاصل الزمني: 10 ثانية
[2026-06-17 03:08:27] 💱 أزواج العملات: 8 زوج
[2026-06-17 03:08:27] 💰 نطاق المبالغ: 10 - 1000
[2026-06-17 03:08:27] ═══════════════════════════════════════
[2026-06-17 03:08:27] ═══════════════════════════════════════
[2026-06-17 03:08:27] 📊 إحصائيات البوت:
[2026-06-17 03:08:27]    إجمالي التحويلات: 1
[2026-06-17 03:08:27]    إجمالي الحجم: $859.36
[2026-06-17 03:08:27]    إجمالي الرسوم: $2.00
[2026-06-17 03:08:27] ═══════════════════════════════════════
[2026-06-17 03:08:27] 🔄 وضع التشغيل المفرد (--once)
[2026-06-17 03:08:27] 🔄 بدء تحويل: 518.77 USD → TRX
[2026-06-17 03:08:27] 💱 النتيجة: 518.77 USD = 2161.5417 TRX (صافي: 2159.5417 بعد رسوم 2)
[2026-06-17 03:08:27] ⚠️ لا يمكن الاتصال بـ http://localhost:3001 - سيتم الحفظ محلياً فقط
[2026-06-17 03:08:27] ✅ تم الانتهاء
[2026-06-17 03:52:47] ═══════════════════════════════════════
[2026-06-17 03:52:47] 🤖 AutoConverter Bot - بدء التشغيل
[2026-06-17 03:52:47] 📡 عنوان API: http://localhost:3001
[2026-06-17 03:52:47] ⏱️  الفاصل الزمني: 10 ثانية
[2026-06-17 03:52:47] 💱 أزواج العملات: 8 زوج
[2026-06-17 03:52:47] 💰 نطاق المبالغ: 10 - 1000
[2026-06-17 03:52:47] 📝 ملاحظة: البوت يرسل البيانات فقط - الموقع يحسب الرسوم
[2026-06-17 03:52:47] ═══════════════════════════════════════
[2026-06-17 03:52:47] 📊 لا توجد طلبات تحويل سابقة
[2026-06-17 03:52:47] 🔄 وضع التشغيل المفرد (--once)
[2026-06-17 03:52:47] 🔄 إرسال طلب تحويل: 876.02 USD → DZD
[2026-06-17 03:52:47] ⚠️ لا يمكن الاتصال بـ http://localhost:3001 - سيتم الحفظ محلياً فقط
[2026-06-17 03:52:47] ✅ تم الانتهاء
[2026-06-18 02:24:12] ═══════════════════════════════════════
[2026-06-18 02:24:12] 🤖 AutoConverter Bot - بوت تلغرام
[2026-06-18 02:24:12] 📡 عنوان API: http://localhost:3001
[2026-06-18 02:24:12] ⏱️  الفاصل الزمني: 5 ثوانٍ
[2026-06-18 02:24:12] 💱 أزواج العملات: 8 زوج
[2026-06-18 02:24:12] 📝 البوت يرسل البيانات فقط - الموقع يخصم الرسوم
[2026-06-18 02:24:12] 🔗 تلغرام: البوت جاهز لاستقبال الأوامر
[2026-06-18 02:24:12] ═══════════════════════════════════════
